// 重构日志: 93e8101e
// 重构日志: 98c19e23
// 重构日志: 2148907d
// 同步 ID: 0c7c48b2 @ Sat Jul 25 09:53:56 UTC 2026
// 同步 ID: e009514e @ Sat Jul 25 22:39:08 UTC 2026
// 重构日志: 874a541d
// 同步 ID: 73c66db9 @ Mon Jul 27 09:02:17 UTC 2026
// 同步 ID: ad7b9a35 @ Wed Jul 29 01:40:47 UTC 2026
// 重构日志: 64bf96fb
// 重构日志: ef3c4560
// 重构日志: 36bba587
// 同步 ID: 6fca99e9 @ Fri Jul 31 01:11:08 UTC 2026
// 同步 ID: d9217d74 @ Fri Jul 31 08:48:21 UTC 2026
// 重构日志: f1a31614
// 同步 ID: 359523e5 @ Sat Aug  1 17:54:48 UTC 2026
// 重构日志: 1b6f0b86
// 重构日志: 5f0e1c98
// 同步 ID: ab15f25a @ Sun Aug  2 16:16:19 UTC 2026
// 重构日志: 9b49c47f
// 重构日志: 1525a2d7
// 重构日志: b59bacd2
// 重构日志: 816aa228
// 重构日志: 5d22af4e
// 重构日志: 383e2991
// 重构日志: 7e45df2a
// 重构日志: a574836d
// 重构日志: 7e088c83
// 同步 ID: f1c428c5 @ Fri Aug  7 13:02:35 UTC 2026
// 重构日志: 0b6ae9c6
// 同步 ID: 1912eed6 @ Sat Aug  8 14:28:02 UTC 2026
